// Jest Snapshot v1, https://goo.gl/fbAQLP

exports[`Spinner component should render correctly 1`] = `
<div
  className="spinnerContainer"
>
  <div
    className="spinnerLine"
  />
  <div
    className="spinnerLine"
  />
  <div
    className="spinnerLine"
  />
  <div
    className="spinnerLine"
  />
  <div
    className="spinnerLine"
  />
  <div
    className="spinnerLine"
  />
</div>
`;
