// Jest Snapshot v1, https://goo.gl/fbAQLP

exports[`Search Component should render correctly 1`] = `
<Search
  searchCustomers={
    [MockFunction] {
      "calls": Array [
        Array [
          "",
        ],
      ],
      "results": Array [
        Object {
          "type": "return",
          "value": undefined,
        },
      ],
    }
  }
>
  <div
    className="searchContainer"
  >
    <form
      className="searchForm"
      onSubmit={[Function]}
    >
      <div
        className="searchInputContainer"
      >
        <input
          className="searchInput"
          onChange={[Function]}
          placeholder="Firstname or Lastname"
          type="text"
          value=""
        />
        <div
          className="searchInputIcon"
        >
          <i
            className="fas fa-search"
          />
        </div>
      </div>
    </form>
  </div>
</Search>
`;
